Warning[w6]: Type conflict for external/entry "send_occupancy_event", in module sensor_motion against external/entry in module ctrl_pkt; prototyped function vs K&R function
  /* In module sensor_motion: */
  /* K&R Function, args 0, attr 0 */
  int (__cc_version2 send_occupancy_event)();
  /* In module ctrl_pkt: */
  /* Function, args 0, attr 0 */
  int (__cc_version2 send_occupancy_event)(void);
Warning[w6]: Type conflict for external/entry "state_change_report", in module sensor_motion against external/entry in module ctrl_pkt; prototyped function vs K&R function
  /* In module sensor_motion: */
  /* K&R Function, args 0, attr 0 */
  int (__cc_version2 state_change_report)();
  /* In module ctrl_pkt: */
  /* Function, args 0, attr 0 */
  int (__cc_version2 state_change_report)(void);
################################################################################
#                                                                              #
#      IAR Universal Linker V6.2.0.62                                          #
#                                                                              #
#           Link time     =  15/Jul/2015  07:36:39                             #
#           Target CPU    =  MSP430                                            #
#           List file     =  "U:\LightCloud - Occupancy Sensor\17 - Firmware\L #
#                            C_OS_REV01\Debug\List\controller.map"             #
#           Output file 1 =  "U:\LightCloud - Occupancy Sensor\17 - Firmware\L #
#                            C_OS_REV01\Debug\Exe\controller.d43"              #
#                            Format: ubrof10                                   #
#                            UBROF version 10.0.6                              #
#                            Using library modules for C-SPY (-rt)             #
#           Command line  =  "U:\LightCloud - Occupancy Sensor\17 - Firmware\L #
#                            C_OS_REV01\Debug\Obj\adc.r43"                     #
#                            "U:\LightCloud - Occupancy Sensor\17 - Firmware\L #
#                            C_OS_REV01\Debug\Obj\api_pkt.r43"                 #
#                            "U:\LightCloud - Occupancy Sensor\17 - Firmware\L #
#                            C_OS_REV01\Debug\Obj\ctrl_pkt.r43"                #
#                            "U:\LightCloud - Occupancy Sensor\17 - Firmware\L #
#                            C_OS_REV01\Debug\Obj\dim.r43"                     #
#                            "U:\LightCloud - Occupancy Sensor\17 - Firmware\L #
#                            C_OS_REV01\Debug\Obj\flash.r43"                   #
#                            "U:\LightCloud - Occupancy Sensor\17 - Firmware\L #
#                            C_OS_REV01\Debug\Obj\io.r43"                      #
#                            "U:\LightCloud - Occupancy Sensor\17 - Firmware\L #
#                            C_OS_REV01\Debug\Obj\lcp.r43"                     #
#                            "U:\LightCloud - Occupancy Sensor\17 - Firmware\L #
#                            C_OS_REV01\Debug\Obj\low_level_init.r43"          #
#                            "U:\LightCloud - Occupancy Sensor\17 - Firmware\L #
#                            C_OS_REV01\Debug\Obj\main.r43"                    #
#                            "U:\LightCloud - Occupancy Sensor\17 - Firmware\L #
#                            C_OS_REV01\Debug\Obj\read_digi_radio_info.r43"    #
#                            "U:\LightCloud - Occupancy Sensor\17 - Firmware\L #
#                            C_OS_REV01\Debug\Obj\sensor_motion.r43"           #
#                            "U:\LightCloud - Occupancy Sensor\17 - Firmware\L #
#                            C_OS_REV01\Debug\Obj\serial.r43"                  #
#                            "U:\LightCloud - Occupancy Sensor\17 - Firmware\L #
#                            C_OS_REV01\Debug\Obj\timer.r43"                   #
#                            -o                                                #
#                            "U:\LightCloud - Occupancy Sensor\17 - Firmware\L #
#                            C_OS_REV01\Debug\Exe\controller.d43"              #
#                            -l                                                #
#                            "U:\LightCloud - Occupancy Sensor\17 - Firmware\L #
#                            C_OS_REV01\Debug\List\controller.map"             #
#                            "-IC:\Program Files (x86)\IAR Systems\Embedded Wo #
#                            rkbench 7.2\430\LIB\"                             #
#                            -f                                                #
#                            "C:\Program Files (x86)\IAR Systems\Embedded Work #
#                            bench 7.2\430\config\linker\lnk430i2041.xcl"      #
#                            (-cmsp430 -QCODE_I=CODE_ID -QTLS16_I=TLS16_ID     #
#                            -D__iar_HWMUL=130 -Z(CONST)INFO=1000-13FF         #
#                            -Z(CONST)INFOA=1000-13FF                          #
#                            -Z(DATA)DATA16_I,DATA16_Z,DATA16_N,TLS16_I=0200-0 #
#                            9FF                                               #
#                            -Z(DATA)DATA16_HEAP+_DATA16_HEAP_SIZE             #
#                            -Z(DATA)CODE_I -Z(DATA)CSTACK+_STACK_SIZE#        #
#                            -Z(CONST)DATA16_C,DATA16_ID,TLS16_ID,DIFUNCT,CHEC #
#                            KSUM=8000-FFDF                                    #
#                            -Z(CODE)CSTART,ISR_CODE,CODE_ID=8000-FFDF         #
#                            -P(CODE)CODE=8000-FFDF -Z(CODE)INTVEC=FFE0-FFFF   #
#                            -Z(CODE)RESET=FFFE-FFFF) -f                       #
#                            "C:\Program Files (x86)\IAR Systems\Embedded Work #
#                            bench 7.2\430\config\linker\multiplier.xcl"       #
#                            (-e?Mul8Hw=?Mul8 -e?Mul16Hw=?Mul16                #
#                            -e?Mul16to32uHw=?Mul16to32u                       #
#                            -e?Mul16to32sHw=?Mul16to32s -e?Mul32Hw=?Mul32     #
#                            -e_Mul64iHw=_Mul64i                               #
#                            -e_Mul32u32uto64iHw=_Mul32u32uto64i               #
#                            -e?Mul32fHw=_Mul32f -e_Mul64fHwPtr=_Mul64fPtr)    #
#                            -D_STACK_SIZE=50 -rt                              #
#                            "C:\Program Files (x86)\IAR Systems\Embedded Work #
#                            bench 7.2\430\lib\dlib\dl430fn.r43"               #
#                            -D_DATA16_HEAP_SIZE=50 -s __program_start         #
#                            -D_DATA20_HEAP_SIZE=50                            #
#                                                                              #
#                           Copyright (C) 1987-2015 IAR Systems AB.            #
################################################################################




 8 422 bytes of CODE  memory
   800 bytes of DATA  memory (+ 91 absolute )
    12 bytes of CONST memory

Errors: none
Warnings: 2

