################################################################################
#                                                                              #
#      IAR Universal Linker V6.0.0.46                                          #
#                                                                              #
#           Link time     =  16/Jul/2015  08:45:42                             #
#           Target CPU    =  MSP430                                            #
#           List file     =  C:\Users\yanning.qu\Documents\IAR\controller\cnt_ #
#                            rev2_7-15-15\Debug\List\controller.map            #
#           Output file 1 =  C:\Users\yanning.qu\Documents\IAR\controller\cnt_ #
#                            rev2_7-15-15\Debug\Exe\controller.d43             #
#                            Format: debug                                     #
#                            UBROF version 10.0.6                              #
#                            Using library modules for C-SPY (-rt)             #
#           Command line  =  C:\Users\yanning.qu\Documents\IAR\controller\cnt_ #
#                            rev2_7-15-15\Debug\Obj\adc.r43                    #
#                            C:\Users\yanning.qu\Documents\IAR\controller\cnt_ #
#                            rev2_7-15-15\Debug\Obj\api_pkt.r43                #
#                            C:\Users\yanning.qu\Documents\IAR\controller\cnt_ #
#                            rev2_7-15-15\Debug\Obj\ctrl_pkt.r43               #
#                            C:\Users\yanning.qu\Documents\IAR\controller\cnt_ #
#                            rev2_7-15-15\Debug\Obj\dim.r43                    #
#                            C:\Users\yanning.qu\Documents\IAR\controller\cnt_ #
#                            rev2_7-15-15\Debug\Obj\flash.r43                  #
#                            C:\Users\yanning.qu\Documents\IAR\controller\cnt_ #
#                            rev2_7-15-15\Debug\Obj\io.r43                     #
#                            C:\Users\yanning.qu\Documents\IAR\controller\cnt_ #
#                            rev2_7-15-15\Debug\Obj\lcp.r43                    #
#                            C:\Users\yanning.qu\Documents\IAR\controller\cnt_ #
#                            rev2_7-15-15\Debug\Obj\low_level_init.r43         #
#                            C:\Users\yanning.qu\Documents\IAR\controller\cnt_ #
#                            rev2_7-15-15\Debug\Obj\main.r43                   #
#                            C:\Users\yanning.qu\Documents\IAR\controller\cnt_ #
#                            rev2_7-15-15\Debug\Obj\read_digi_radio_info.r43   #
#                            C:\Users\yanning.qu\Documents\IAR\controller\cnt_ #
#                            rev2_7-15-15\Debug\Obj\serial.r43                 #
#                            C:\Users\yanning.qu\Documents\IAR\controller\cnt_ #
#                            rev2_7-15-15\Debug\Obj\timer.r43                  #
#                            -o                                                #
#                            C:\Users\yanning.qu\Documents\IAR\controller\cnt_ #
#                            rev2_7-15-15\Debug\Exe\controller.d43             #
#                            -l                                                #
#                            C:\Users\yanning.qu\Documents\IAR\controller\cnt_ #
#                            rev2_7-15-15\Debug\List\controller.map            #
#                            -xms                                              #
#                            "-IC:\Program Files (x86)\IAR Systems\Embedded Wo #
#                            rkbench 7.0\430\LIB\"                             #
#                            -f                                                #
#                            "C:\Program Files (x86)\IAR Systems\Embedded Work #
#                            bench 7.0\430\config\linker\lnk430i2020.xcl"      #
#                            (-cmsp430 -QCODE_I=CODE_ID -QTLS16_I=TLS16_ID     #
#                            -Z(CONST)INFO=1000-13FF                           #
#                            -Z(CONST)INFOA=1000-13FF                          #
#                            -Z(DATA)DATA16_I,DATA16_Z,DATA16_N,TLS16_I=0200-0 #
#                            5FF                                               #
#                            -Z(DATA)DATA16_HEAP+_DATA16_HEAP_SIZE             #
#                            -Z(DATA)CODE_I -Z(DATA)CSTACK+_STACK_SIZE#        #
#                            -Z(CONST)DATA16_C,DATA16_ID,TLS16_ID,DIFUNCT,CHEC #
#                            KSUM=C000-FFDF                                    #
#                            -Z(CODE)CSTART,ISR_CODE,CODE_ID=C000-FFDF         #
#                            -P(CODE)CODE=C000-FFDF -Z(CODE)INTVEC=FFE0-FFFF   #
#                            -Z(CODE)RESET=FFFE-FFFF) -f                       #
#                            "C:\Program Files (x86)\IAR Systems\Embedded Work #
#                            bench 7.0\430\config\linker\multiplier.xcl"       #
#                            (-e?Mul8Hw=?Mul8 -e?Mul16Hw=?Mul16                #
#                            -e?Mul16to32uHw=?Mul16to32u                       #
#                            -e?Mul16to32sHw=?Mul16to32s -e?Mul32Hw=?Mul32     #
#                            -e_Mul64iHw=_Mul64i                               #
#                            -e_Mul32u32uto64iHw=_Mul32u32uto64i               #
#                            -e?Mul32fHw=_Mul32f -e_Mul64fHwPtr=_Mul64fPtr)    #
#                            -D_STACK_SIZE=50 -rt                              #
#                            "C:\Program Files (x86)\IAR Systems\Embedded Work #
#                            bench 7.0\430\lib\dlib\dl430fn.r43"               #
#                            -D_DATA16_HEAP_SIZE=50 -s __program_start         #
#                            -D_DATA20_HEAP_SIZE=50                            #
#                                                                              #
#                           Copyright (C) 1987-2014 IAR Systems AB.            #
################################################################################





                ****************************************
                *                                      *
                *           CROSS REFERENCE            *
                *                                      *
                ****************************************

       Program entry at :           C00C  Relocatable, from module : ?cstart




                ****************************************
                *                                      *
                *            RUNTIME MODEL             *
                *                                      *
                ****************************************

  __Heap_Handler             = Basic
  __SystemLibrary            = DLib
  __core                     = 430
  __dlib_file_descriptor     = 0
  __dlib_full_locale_support = 0
  __double_size              = 32
  __pic                      = no
  __reg_r4                   = free
  __reg_r5                   = free
  __rt_version               = 3

                ****************************************
                *                                      *
                *    AUTOMATIC SYMBOL REDIRECTIONS     *
                *                                      *
                ****************************************

                  There are no automatic symbol redirections.



                ****************************************
                *                                      *
                *              MODULE MAP              *
                *                                      *
                ****************************************


  DEFINED ABSOLUTE ENTRIES
    *************************************************************************

  DEFINED ABSOLUTE ENTRIES
  PROGRAM MODULE, NAME : ?ABS_ENTRY_MOD

Absolute parts
           ENTRY                   ADDRESS         REF BY
           =====                   =======         ======
           _DATA20_HEAP_SIZE       0050 
           _DATA16_HEAP_SIZE       0050 
           _STACK_SIZE             0050 
    *************************************************************************

  FILE NAME : C:\Users\yanning.qu\Documents\IAR\controller\cnt_rev2_7-15-15\Debug\Obj\adc.r43
  PROGRAM MODULE, NAME : adc

  SEGMENTS IN THE MODULE
  ======================
DATA16_AN
  Relative segment, address: 0132 - 0133 (0x2 bytes), align: 0
  Segment part 1. ROOT        Intra module refs:   DimSquareRate (dim)
                                                   calcPWMSqOut (dim)
                                                   calcPWMSqrtOut (dim)
                                                   calcRevPWMStep (dim)
                                                   per_sample_dsp
           ENTRY                   ADDRESS         REF BY
           =====                   =======         ======
           MPYS                    0132 
    -------------------------------------------------------------------------
DATA16_AN
  Relative segment, address: 0138 - 0139 (0x2 bytes), align: 0
  Segment part 2. ROOT        Intra module refs:   DimSquareRate (dim)
                                                   calcPWMSqOut (dim)
                                                   calcPWMSqrtOut (dim)
                                                   calcRevPWMStep (dim)
                                                   per_sample_dsp
           ENTRY                   ADDRESS         REF BY
           =====                   =======         ======
           OP2                     0138 
    -------------------------------------------------------------------------
DATA16_AN
  Relative segment, address: 013A - 013B (0x2 bytes), align: 0
  Segment part 3. ROOT        Intra module refs:   DimSquareRate (dim)
                                                   calcPWMSqOut (dim)
                                                   calcPWMSqrtOut (dim)
                                                   calcRevPWMStep (dim)
                                                   per_sample_dsp
           ENTRY                   ADDRESS         REF BY
           =====                   =======         ======
           RESLO                   013A 
    -------------------------------------------------------------------------
DATA16_AN
  Relative segment, address: 013C - 013D (0x2 bytes), align: 0
  Segment part 4. ROOT        Intra module refs:   DimSquareRate (dim)
                                                   calcPWMSqOut (dim)
                                                   per_sample_dsp
           ENTRY                   ADDRESS         REF BY
           =====                   =======         ======
           RESHI                   013C 
    -------------------------------------------------------------------------
DATA16_AN
  Relative segment, address: 00B0 - 00B0 (0x1 bytes), align: 0
  Segment part 5. ROOT        Intra module refs:   adc_init
           ENTRY                   ADDRESS         REF BY
           =====                   =======         ======
           SD24INCTL0              00B0 
    -------------------------------------------------------------------------
DATA16_AN
  Relative segment, address: 00B1 - 00B1 (0x1 bytes), align: 0
  Segment part 6. ROOT        Intra module refs:   adc_init
           ENTRY                   ADDRESS         REF BY
           =====                   =======         ======
           SD24INCTL1              00B1 
    -------------------------------------------------------------------------
DATA16_AN
  Relative segment, address: 0100 - 0101 (0x2 bytes), align: 0
  Segment part 7. ROOT        Intra module refs:   adc_init
           ENTRY                   ADDRESS         REF BY
           =====                   =======         ======
           SD24CTL                 0100 
    -------------------------------------------------------------------------
DATA16_AN
  Relative segment, address: 0102 - 0103 (0x2 bytes), align: 0
  Segment part 8. ROOT        Intra module refs:   adc_init
           ENTRY                   ADDRESS         REF BY
           =====                   =======         ======
           SD24CCTL0               0102 
    -------------------------------------------------------------------------
DATA16_AN
  Relative segment, address: 0104 - 0105 (0x2 bytes), align: 0
  Segment part 9. ROOT        Intra module refs:   SD24_ISR
                                                   adc_init
           ENTRY                   ADDRESS         REF BY
           =====                   =======         ======
           SD24CCTL1               0104 
    -------------------------------------------------------------------------
DATA16_AN
  Relative segment, address: 0110 - 0111 (0x2 bytes), align: 0
  Segment part 10. ROOT       Intra module refs:   SD24_ISR
           ENTRY                   ADDRESS         REF BY
           =====                   =======         ======
           SD24MEM0                0110 
    -------------------------------------------------------------------------
DATA16_AN
  Relative segment, address: 0112 - 0113 (0x2 bytes), align: 0
  Segment part 11. ROOT       Intra module refs:   SD24_ISR
           ENTRY                   ADDRESS         REF BY
           =====                   =======         ======
           SD24MEM1                0112 
    -------------------------------------------------------------------------
DATA16_AN
  Relative segment, address: 01F0 - 01F1 (0x2 bytes), align: 0
  Segment part 12. ROOT       Intra module refs:   SD24_ISR
           ENTRY                   ADDRESS         REF BY
           =====                   =======         ======
           SD24IV                  01F0 
    -------------------------------------------------------------------------
DATA16_I
  Relative segment, address: 0200 - 0200 (0x1 bytes), align: 0
  Segment part 15.            Intra module refs:   per_sample_dsp
           ENTRY                   ADDRESS         REF BY
           =====                   =======         ======
           ADCInitFlag             0200 
    -------------------------------------------------------------------------
DATA16_Z
  Relative segment, address: 02A8 - 02A8 (0x1 bytes), align: 0
  Segment part 17.            Intra module refs:   per_sample_dsp
           ENTRY                   ADDRESS         REF BY
           =====                   =======         ======
           TriggerFlag             02A8 
    -------------------------------------------------------------------------
DATA16_Z
  Relative segment, address: 020C - 020D (0x2 bytes), align: 1
  Segment part 22.            Intra module refs:   per_sample_dsp
           ENTRY                   ADDRESS         REF BY
           =====                   =======         ======
           index_a                 020C 
    -------------------------------------------------------------------------
DATA16_Z
  Relative segment, address: 020E - 020F (0x2 bytes), align: 1
  Segment part 23.            Intra module refs:   per_sample_dsp
           ENTRY                   ADDRESS         REF BY
           =====                   =======         ======
           report_cycle            020E 
    -------------------------------------------------------------------------
DATA16_Z
  Relative segment, address: 0210 - 0211 (0x2 bytes), align: 1
  Segment part 24.            Intra module refs:   per_sample_dsp
           ENTRY                   ADDRESS         REF BY
           =====                   =======         ======
           index_f                 0210 
    -------------------------------------------------------------------------
DATA16_Z
  Relative segment, address: 0212 - 0213 (0x2 bytes), align: 1
  Segment part 25.            Intra module refs:   per_sample_dsp
           ENTRY                   ADDRESS         REF BY
           =====                   =======         ======
           tV                      0212 
    -------------------------------------------------------------------------
DATA16_Z
  Relative segment, address: 0214 - 0215 (0x2 bytes), align: 1
  Segment part 26.            Intra module refs:   per_sample_dsp
           ENTRY                   ADDRESS         REF BY
           =====                   =======         ======
           tI                      0214 
    -------------------------------------------------------------------------
DATA16_Z
  Relative segment, address: 0216 - 0217 (0x2 bytes), align: 1
  Segment part 27.            Intra module refs:   per_sample_dsp
           ENTRY                   ADDRESS         REF BY
           =====                   =======         ======
           vfreq_counter_buf       0216 
    -------------------------------------------------------------------------
DATA16_Z
  Relative segment, address: 0218 - 0219 (0x2 bytes), align: 1
  Segment part 28.            Intra module refs:   per_sample_dsp
           ENTRY                   ADDRESS         REF BY
           =====                   =======         ======
           freq_counter            0218 
    -------------------------------------------------------------------------
DATA16_Z
  Relative segment, address: 021A - 021B (0x2 bytes), align: 1
  Segment part 29.            Intra module refs:   per_sample_dsp
           ENTRY                   ADDRESS         REF BY
           =====                   =======         ======
           vfreq_counter_history   021A 
    -------------------------------------------------------------------------
DATA16_Z
  Relative segment, address: 021C - 021D (0x2 bytes), align: 1
  Segment part 30.            Intra module refs:   per_sample_dsp
           ENTRY                   ADDRESS         REF BY
           =====                   =======         ======
           ifreq_counter_buf       021C 
    -------------------------------------------------------------------------
DATA16_Z
  Relative segment, address: 021E - 021F (0x2 bytes), align: 1
  Segment part 31.            Intra module refs:   per_sample_dsp
           ENTRY                   ADDRESS         REF BY
           =====                   =======         ======
           ifreq_counter_history   021E 
    -------------------------------------------------------------------------
DATA16_Z
  Relative segment, address: 0220 - 0221 (0x2 bytes), align: 1
  Segment part 32.            Intra module refs:   SD24_ISR
                                                   per_sample_dsp
           ENTRY                   ADDRESS         REF BY
           =====                   =======         ======
           iV                      0220 
    -------------------------------------------------------------------------
DATA16_Z
  Relative segment, address: 0222 - 0223 (0x2 bytes), align: 1
  Segment part 33.            Intra module refs:   SD24_ISR
                                                   per_sample_dsp
           ENTRY                   ADDRESS         REF BY
           =====                   =======         ======
           iI                      0222 
    -------------------------------------------------------------------------
DATA16_Z
  Relative segment, address: 0224 - 0225 (0x2 bytes), align: 1
  Segment part 37.            Intra module refs:   per_sample_dsp
           ENTRY                   ADDRESS         REF BY
           =====                   =======         ======
           iV_max                  0224 
    -------------------------------------------------------------------------
DATA16_Z
  Relative segment, address: 0226 - 0227 (0x2 bytes), align: 1
  Segment part 38.            Intra module refs:   per_sample_dsp
           ENTRY                   ADDRESS         REF BY
           =====                   =======         ======
           iV_min                  0226 
    -------------------------------------------------------------------------
DATA16_Z
  Relative segment, address: 0228 - 0229 (0x2 bytes), align: 1
  Segment part 39.            Intra module refs:   per_sample_dsp
           ENTRY                   ADDRESS         REF BY
           =====                   =======         ======
           iI_max                  0228 
    -------------------------------------------------------------------------
DATA16_Z
  Relative segment, address: 022A - 022B (0x2 bytes), align: 1
  Segment part 40.            Intra module refs:   per_sample_dsp
           ENTRY                   ADDRESS         REF BY
           =====                   =======         ======
           iI_min                  022A 
    -------------------------------------------------------------------------
DATA16_Z
  Relative segment, address: 022C - 022D (0x2 bytes), align: 1
  Segment part 43.            Intra module refs:   per_sample_dsp
           ENTRY                   ADDRESS         REF BY
           =====                   =======         ======
           iV_history              022C 
    -------------------------------------------------------------------------
DATA16_Z
  Relative segment, address: 022E - 022F (0x2 bytes), align: 1
  Segment part 44.            Intra module refs:   per_sample_dsp
           ENTRY                   ADDRESS         REF BY
           =====                   =======         ======
           iI_history              022E 
    -------------------------------------------------------------------------
DATA16_Z
  Relative segment, address: 0230 - 0233 (0x4 bytes), align: 1
  Segment part 46.            Intra module refs:   per_sample_dsp
           ENTRY                   ADDRESS         REF BY
           =====                   =======         ======
           tV_accum                0230 
    -------------------------------------------------------------------------
DATA16_Z
  Relative segment, address: 0234 - 0237 (0x4 bytes), align: 1
  Segment part 47.            Intra module refs:   per_sample_dsp
           ENTRY                   ADDRESS         REF BY
           =====                   =======         ======
           tI_accum                0234 
    -------------------------------------------------------------------------
DATA16_Z
  Relative segment, address: 0238 - 023B (0x4 bytes), align: 1
  Segment part 48.            Intra module refs:   per_sample_dsp
           ENTRY                   ADDRESS         REF BY
           =====                   =======         ======
           iP_mpy                  0238 
    -------------------------------------------------------------------------
DATA16_Z
  Relative segment, address: 023C - 0243 (0x8 bytes), align: 1
  Segment part 51.            Intra module refs:   per_sample_dsp
           ENTRY                   ADDRESS         REF BY
           =====                   =======         ======
           iV_accum                023C 
    -------------------------------------------------------------------------
DATA16_Z
  Relative segment, address: 0244 - 024B (0x8 bytes), align: 1
  Segment part 52.            Intra module refs:   per_sample_dsp
           ENTRY                   ADDRESS         REF BY
           =====                   =======         ======
           iI_accum                0244 
    -------------------------------------------------------------------------
DATA16_Z
  Relative segment, address: 024C - 024D (0x2 bytes), align: 1
  Segment part 58.            Intra module refs:   per_sample_dsp
           ENTRY                   ADDRESS         REF BY
           =====                   =======         ======
           send_V                  024C            send_pm_result (ctrl_pkt)
    -------------------------------------------------------------------------
DATA16_Z
  Relative segment, address: 024E - 024F (0x2 bytes), align: 1
  Segment part 59.            Intra module refs:   per_sample_dsp
           ENTRY                   ADDRESS         REF BY
           =====                   =======         ======
           send_I                  024E            send_pm_result (ctrl_pkt)
    -------------------------------------------------------------------------
DATA16_Z
  Relative segment, address: 0250 - 0251 (0x2 bytes), align: 1
  Segment part 60.            Intra module refs:   per_sample_dsp
           ENTRY                   ADDRESS         REF BY
           =====                   =======         ======
           send_P                  0250            send_pm_result (ctrl_pkt)
    -------------------------------------------------------------------------
DATA16_Z
  Relative segment, address: 0252 - 0253 (0x2 bytes), align: 1
  Segment part 61.            Intra module refs:   per_sample_dsp
           ENTRY                   ADDRESS         REF BY
           =====                   =======         ======
           send_F                  0252            send_pm_result (ctrl_pkt)
    -------------------------------------------------------------------------
DATA16_Z
  Relative segment, address: 0254 - 0255 (0x2 bytes), align: 1
  Segment part 62.            Intra module refs:   per_sample_dsp
           ENTRY                   ADDRESS         REF BY
           =====                   =======         ======
           send_PF                 0254            send_pm_result (ctrl_pkt)
    -------------------------------------------------------------------------
DATA16_Z
  Relative segment, address: 0256 - 0257 (0x2 bytes), align: 1
  Segment part 63.
           ENTRY                   ADDRESS         REF BY
           =====                   =======         ======
           send_THD                0256            send_pm_result (ctrl_pkt)
    -------------------------------------------------------------------------
<CODE> 1 (was CODE)
  Relative segment, address: C03C - C22B (0x1f0 bytes), align: 1
  Segment part 66.            Intra module refs:   SD24_ISR
           ENTRY                   ADDRESS         REF BY
           =====                   =======         ======
           per_sample_dsp          C03C 
               CSTACK = 00000000 ( 00000006 )
    -------------------------------------------------------------------------
<CODE> 1 (was CODE)
  Relative segment, address: DC5E - DC7F (0x22 bytes), align: 1
  Segment part 65.
           ENTRY                   ADDRESS         REF BY
           =====                   =======         ======
           adc_init                DC5E            main (main)
               CSTACK = 00000000 ( 00000002 )
    -------------------------------------------------------------------------
<CODE> 1 (was CODE)
  Relative segment, address: DA9E - DAD9 (0x3c bytes), align: 1
  Segment part 64.            Intra module refs:   SD24_ISR::??INTVEC 14
           ENTRY                   ADDRESS         REF BY
           =====                   =======         ======
           SD24_ISR                DA9E 
               interrupt function
               calls direct
               CSTACK = 00000000 ( 0000000C )
    -------------------------------------------------------------------------
INTVEC
  Common segment, address: FFE0 - FFEF (0x10 bytes), align: 1
  Segment part 13. ROOT 
           ENTRY                   ADDRESS         REF BY
           =====                   =======         ======
           SD24_ISR::??INTVEC 14   FFEE 
    -------------------------------------------------------------------------
DATA16_ID
  Relative segment, address: C000 - C000 (0x1 bytes), align: 0
  Segment part 16.            Intra module refs:   ADCInitFlag

    *************************************************************************

  FILE NAME : C:\Users\yanning.qu\Documents\IAR\controller\cnt_rev2_7-15-15\Debug\Obj\api_pkt.r43
  PROGRAM MODULE, NAME : api_pkt

  SEGMENTS IN THE MODULE
  ======================
DATA16_I
  Relative segment, address: 0201 - 0208 (0x8 bytes), align: 0
  Segment part 2.
           ENTRY                   ADDRESS         REF BY
           =====                   =======         ======
           destination_addr        0201            ?Subroutine2 (ctrl_pkt)
    -------------------------------------------------------------------------
DATA16_I
  Relative segment, address: 0209 - 020A (0x2 bytes), align: 0
  Segment part 4.
           ENTRY                   ADDRESS         REF BY
           =====                   =======         ======
           network_addr            0209            ?Subroutine2 (ctrl_pkt)
    -------------------------------------------------------------------------
DATA16_Z
  Relative segment, address: 02A9 - 02DA (0x32 bytes), align: 0
  Segment part 6.             Intra module refs:   ?Subroutine3
                                                   Segment part 17
                                                   send_radio_api_packet
                                                   send_radio_api_packet_data
                                                   send_radio_api_packet_param
                                                   send_radio_api_packet_param_int
           ENTRY                   ADDRESS         REF BY
           =====                   =======         ======
           tx_buf                  02A9            send_pm_result (ctrl_pkt)
                                                   serial_0_xmit (serial)
    -------------------------------------------------------------------------
<CODE> 1 (was CODE)
  Relative segment, address: CCB6 - CD2B (0x76 bytes), align: 1
  Segment part 8.
           ENTRY                   ADDRESS         REF BY
           =====                   =======         ======
           send_radio_api_packet_data
                                   CCB6            ?Subroutine2 (ctrl_pkt)
               calls direct
               CSTACK = 00000000 ( 00000008 )
    -------------------------------------------------------------------------
<CODE> 1 (was CODE)
  Relative segment, address: CD2C - CD35 (0xa bytes), align: 1
  Segment part 9.             Intra module refs:   ?Subroutine0
                                                   send_radio_api_packet
                                                   send_radio_api_packet_data
           LOCAL                   ADDRESS         
           =====                   =======         
           ?Subroutine4            CD2C 
    -------------------------------------------------------------------------
<CODE> 1 (was CODE)
  Relative segment, address: CD36 - CD6D (0x38 bytes), align: 1
  Segment part 11.
           ENTRY                   ADDRESS         REF BY
           =====                   =======         ======
           send_radio_api_packet_param_int
                                   CD36            read_digi_radio_info (read_digi_radio_info)
               calls direct
               CSTACK = 00000000 ( 00000004 )
    -------------------------------------------------------------------------
<CODE> 1 (was CODE)
  Relative segment, address: CD6E - CD75 (0x8 bytes), align: 1
  Segment part 12.            Intra module refs:   send_radio_api_packet_param
                                                   send_radio_api_packet_param_int
           LOCAL                   ADDRESS         
           =====                   =======         
           ?Subroutine0            CD6E 
    -------------------------------------------------------------------------
<CODE> 1 (was CODE)
  Relative segment, address: CD76 - CD87 (0x12 bytes), align: 1
  Segment part 13.            Intra module refs:   send_radio_api_packet_param
                                                   send_radio_api_packet_param_int
           LOCAL                   ADDRESS         
           =====                   =======         
           ?Subroutine3            CD76 
    -------------------------------------------------------------------------
<CODE> 1 (was CODE)
  Relative segment, address: CD88 - CDB7 (0x30 bytes), align: 1
  Segment part 14.
           ENTRY                   ADDRESS         REF BY
           =====                   =======         ======
           send_radio_api_packet_param
                                   CD88            DoButtons (main)
                                                   read_digi_radio_info (read_digi_radio_info)
               calls direct
               CSTACK = 00000000 ( 00000004 )
    -------------------------------------------------------------------------
<CODE> 1 (was CODE)
  Relative segment, address: CDB8 - CDEF (0x38 bytes), align: 1
  Segment part 15.
           ENTRY                   ADDRESS         REF BY
           =====                   =======         ======
           send_radio_api_packet   CDB8            main (main)
                                                   read_digi_radio_info (read_digi_radio_info)
               calls direct
               CSTACK = 00000000 ( 00000002 )
    -------------------------------------------------------------------------
<CODE> 1 (was CODE)
  Relative segment, address: DDAE - DDAF (0x2 bytes), align: 1
  Segment part 16.            Intra module refs:   send_radio_api_packet_param
                                                   send_radio_api_packet_param_int
           LOCAL                   ADDRESS         
           =====                   =======         
           ?Subroutine2            DDAE 
    -------------------------------------------------------------------------
<CODE> 1 (was CODE)
  Relative segment, address: DDB0 - DDBB (0xc bytes), align: 1
  Segment part 17.            Intra module refs:   ?Subroutine2
                                                   send_radio_api_packet
                                                   send_radio_api_packet_data
    -------------------------------------------------------------------------
DATA16_ID
  Relative segment, address: C001 - C008 (0x8 bytes), align: 0
  Segment part 3.             Intra module refs:   destination_addr
    -------------------------------------------------------------------------
DATA16_ID
  Relative segment, address: C009 - C00A (0x2 bytes), align: 0
  Segment part 5.             Intra module refs:   network_addr

    *************************************************************************

  FILE NAME : C:\Users\yanning.qu\Documents\IAR\controller\cnt_rev2_7-15-15\Debug\Obj\ctrl_pkt.r43
  PROGRAM MODULE, NAME : ctrl_pkt

  SEGMENTS IN THE MODULE
  ======================
DATA16_AN
  Relative segment, address: 0010 - 0011 (0x2 bytes), align: 0
  Segment part 1. ROOT        Intra module refs:   DoButtonToggle (dim)
                                                   DoButtons (main)
                                                   PORT1_ISR (io)
                                                   TA0_ISR (timer)
                                                   parse_command (lcp)
                                                   send_status_response
                                                   state_change_report
           ENTRY                   ADDRESS         REF BY
           =====                   =======         ======
           _A_PAIN_L               0010 
           LOCAL                   ADDRESS         
           =====                   =======         
           PAIN                    0010 
           PAIN_H                  0011 
           PAIN_L                  0010 
    -------------------------------------------------------------------------
DATA16_Z
  Relative segment, address: 02DB - 02DB (0x1 bytes), align: 0
  Segment part 3.             Intra module refs:   send_identity_response
           ENTRY                   ADDRESS         REF BY
           =====                   =======         ======
           hwVersion               02DB 
    -------------------------------------------------------------------------
DATA16_Z
  Relative segment, address: 0258 - 025B (0x4 bytes), align: 1
  Segment part 4.             Intra module refs:   send_identity_response
           ENTRY                   ADDRESS         REF BY
           =====                   =======         ======
           sourceAddressLow        0258            read_digi_radio_info (read_digi_radio_info)
    -------------------------------------------------------------------------
DATA16_Z
  Relative segment, address: 025C - 025F (0x4 bytes), align: 1
  Segment part 5.             Intra module refs:   send_identity_response
           ENTRY                   ADDRESS         REF BY
           =====                   =======         ======
           sourceAddressHigh       025C            read_digi_radio_info (read_digi_radio_info)
    -------------------------------------------------------------------------
DATA16_Z
  Relative segment, address: 02DC - 02E3 (0x8 bytes), align: 0
  Segment part 6.             Intra module refs:   send_identity_response
           ENTRY                   ADDRESS         REF BY
           =====                   =======         ======
           panID                   02DC            read_digi_radio_info (read_digi_radio_info)
    -------------------------------------------------------------------------
DATA16_Z
  Relative segment, address: 02E4 - 02E4 (0x1 bytes), align: 0
  Segment part 7.
           ENTRY                   ADDRESS         REF BY
           =====                   =======         ======
           channel                 02E4            read_digi_radio_info (read_digi_radio_info)
    -------------------------------------------------------------------------
DATA16_Z
  Relative segment, address: 02E5 - 0316 (0x32 bytes), align: 0
  Segment part 8.             Intra module refs:   ?Subroutine1
                                                   ?Subroutine2
                                                   ?Subroutine3
                                                   ?Subroutine4
                                                   send_identity_response
                                                   send_pm_result
                                                   send_power_loss_detect
                                                   send_status_response
                                                   state_change_report
           ENTRY                   ADDRESS         REF BY
           =====                   =======         ======
           pkt_buf                 02E5 
    -------------------------------------------------------------------------
<CODE> 1 (was CODE)
  Relative segment, address: C22C - C2BF (0x94 bytes), align: 1
  Segment part 9.
           ENTRY                   ADDRESS         REF BY
           =====                   =======         ======
           send_pm_result          C22C            DoLCPReceive (main)
               calls direct
               CSTACK = 00000000 ( 00000002 )
    -------------------------------------------------------------------------
<CODE> 1 (was CODE)
  Relative segment, address: C2C0 - C2E7 (0x28 bytes), align: 1
  Segment part 10.
           ENTRY                   ADDRESS         REF BY
           =====                   =======         ======
           send_power_loss_detect
                                   C2C0            PORT1_ISR (io)
               calls direct
               CSTACK = 00000000 ( 00000002 )
    -------------------------------------------------------------------------
<CODE> 1 (was CODE)
  Relative segment, address: C2E8 - C319 (0x32 bytes), align: 1
  Segment part 11.
           ENTRY                   ADDRESS         REF BY
           =====                   =======         ======
           state_change_report     C2E8            main (main)
               calls direct
               CSTACK = 00000000 ( 00000002 )
    -------------------------------------------------------------------------
<CODE> 1 (was CODE)
  Relative segment, address: C31A - C321 (0x8 bytes), align: 1
  Segment part 12.            Intra module refs:   send_identity_response
                                                   send_pm_result
                                                   send_power_loss_detect
                                                   send_status_response
                                                   state_change_report
           LOCAL                   ADDRESS         
           =====                   =======         
           ?Subroutine3            C31A 
    -------------------------------------------------------------------------
<CODE> 1 (was CODE)
  Relative segment, address: C322 - C333 (0x12 bytes), align: 1
  Segment part 13.            Intra module refs:   send_identity_response
                                                   send_pm_result
                                                   send_power_loss_detect
                                                   send_status_response
                                                   state_change_report
           LOCAL                   ADDRESS         
           =====                   =======         
           ?Subroutine1            C322 
    -------------------------------------------------------------------------
<CODE> 1 (was CODE)
  Relative segment, address: C334 - C3BB (0x88 bytes), align: 1
  Segment part 14.
           ENTRY                   ADDRESS         REF BY
           =====                   =======         ======
           send_identity_response
                                   C334            ButtonState (main)
                                                   DoLCPReceive (main)
               calls direct
               CSTACK = 00000000 ( 00000002 )
    -------------------------------------------------------------------------
<CODE> 1 (was CODE)
  Relative segment, address: C3BC - C3C9 (0xe bytes), align: 1
  Segment part 15.            Intra module refs:   send_identity_response
                                                   send_pm_result
                                                   send_status_response
                                                   state_change_report
           LOCAL                   ADDRESS         
           =====                   =======         
           ?Subroutine0            C3BC 
    -------------------------------------------------------------------------
<CODE> 1 (was CODE)
  Relative segment, address: C3CA - C3D9 (0x10 bytes), align: 1
  Segment part 16.            Intra module refs:   ?Subroutine0
                                                   send_power_loss_detect
           LOCAL                   ADDRESS         
           =====                   =======         
           ?Subroutine2            C3CA 
    -------------------------------------------------------------------------
<CODE> 1 (was CODE)
  Relative segment, address: C3DA - C40D (0x34 bytes), align: 1
  Segment part 17.
           ENTRY                   ADDRESS         REF BY
           =====                   =======         ======
           send_status_response    C3DA            DoLCPReceive (main)
               calls direct
               CSTACK = 00000000 ( 00000002 )
    -------------------------------------------------------------------------
<CODE> 1 (was CODE)
  Relative segment, address: DDBC - DDC9 (0xe bytes), align: 1
  Segment part 18.            Intra module refs:   send_status_response
                                                   state_change_report
           LOCAL                   ADDRESS         
           =====                   =======         
           ?Subroutine4            DDBC 

    *************************************************************************

  FILE NAME : C:\Users\yanning.qu\Documents\IAR\controller\cnt_rev2_7-15-15\Debug\Obj\dim.r43
  PROGRAM MODULE, NAME : dim

  SEGMENTS IN THE MODULE
  ======================
DATA16_AN
  Relative segment, address: 0012 - 0013 (0x2 bytes), align: 0
  Segment part 6. ROOT        Intra module refs:   ButtonState (main)
                                                   DoButtons (main)
                                                   DoDimFunction
                                                   PORT1_ISR (io)
                                                   TA0_ISR (timer)
                                                   io_init (io)
                                                   main (main)
           ENTRY                   ADDRESS         REF BY
           =====                   =======         ======
           _A_PAOUT_L              0012 
           LOCAL                   ADDRESS         
           =====                   =======         
           PAOUT                   0012 
           PAOUT_H                 0013 
           PAOUT_L                 0012 
    -------------------------------------------------------------------------
DATA16_AN
  Relative segment, address: 0174 - 0175 (0x2 bytes), align: 0
  Segment part 7. ROOT        Intra module refs:   DoButtonDim
                                                   DoButtonToggle
                                                   DoDimFunction
                                                   PORT1_ISR (io)
                                                   TA0_ISR (timer)
                                                   calcPWMOutVal
                                                   calcRevPWMStep
                                                   main (main)
                                                   timer_init (timer)
           ENTRY                   ADDRESS         REF BY
           =====                   =======         ======
           TA0CCR1                 0174 
    -------------------------------------------------------------------------
DATA16_Z
  Relative segment, address: 0317 - 0317 (0x1 bytes), align: 0
  Segment part 9.             Intra module refs:   DoDimFunction
                                                   calcPWMOutVal
           ENTRY                   ADDRESS         REF BY
           =====                   =======         ======
           PWMrateFlag             0317            parse_command (lcp)
    -------------------------------------------------------------------------
DATA16_I
  Relative segment, address: 020B - 020B (0x1 bytes), align: 0
  Segment part 10.            Intra module refs:   DoButtonDim
           ENTRY                   ADDRESS         REF BY
           =====                   =======         ======
           pwmincflag              020B 
    -------------------------------------------------------------------------
DATA16_Z
  Relative segment, address: 0318 - 0318 (0x1 bytes), align: 0
  Segment part 12.            Intra module refs:   ?Subroutine3
                                                   DoButtonDim
                                                   DoDimFunction
                                                   calcPWMOutVal
           ENTRY                   ADDRESS         REF BY
           =====                   =======         ======
           DimDirection            0318 
    -------------------------------------------------------------------------
DATA16_Z
  Relative segment, address: 0319 - 0319 (0x1 bytes), align: 0
  Segment part 13.
           ENTRY                   ADDRESS         REF BY
           =====                   =======         ======
           PrevRLY                 0319            parse_command (lcp)
                                                   state_change_report (ctrl_pkt)
    -------------------------------------------------------------------------
DATA16_Z
  Relative segment, address: 0260 - 0261 (0x2 bytes), align: 1
  Segment part 15.            Intra module refs:   DoDimFunction
                                                   calcPWMOutVal
           ENTRY                   ADDRESS         REF BY
           =====                   =======         ======
           InitLevel               0260 
    -------------------------------------------------------------------------
DATA16_Z
  Relative segment, address: 0262 - 0263 (0x2 bytes), align: 1
  Segment part 16.            Intra module refs:   ?Subroutine1
                                                   ?Subroutine2
                                                   DimLinearRate
                                                   DoDimFunction
           ENTRY                   ADDRESS         REF BY
           =====                   =======         ======
           CurrentLevel            0262            ?Subroutine4 (ctrl_pkt)
                                                   TA0_ISR (timer)
    -------------------------------------------------------------------------
DATA16_Z
  Relative segment, address: 0264 - 0265 (0x2 bytes), align: 1
  Segment part 17.            Intra module refs:   ?Subroutine2
                                                   DimLinearRate
                                                   DoDimFunction
                                                   calcPWMOutVal
           ENTRY                   ADDRESS         REF BY
           =====                   =======         ======
           SetLevel                0264            parse_command (lcp)
    -------------------------------------------------------------------------
DATA16_Z
  Relative segment, address: 0266 - 0267 (0x2 bytes), align: 1
  Segment part 18.            Intra module refs:   DimLinearRate
                                                   DimSqrtRate
                                                   DimSquareRate
                                                   DoDimFunction
                                                   calcPWMOutVal
           ENTRY                   ADDRESS         REF BY
           =====                   =======         ======
           pwmStepMax              0266 
    -------------------------------------------------------------------------
DATA16_Z
  Relative segment, address: 0268 - 0269 (0x2 bytes), align: 1
  Segment part 19.            Intra module refs:   calcPWMOutVal
           LOCAL                   ADDRESS         
           =====                   =======         
           pwmLinearRate           0268 
    -------------------------------------------------------------------------
DATA16_Z
  Relative segment, address: 026A - 026B (0x2 bytes), align: 1
  Segment part 20.            Intra module refs:   ?Subroutine4
                                                   DoButtonDim
                                                   DoDimFunction
                                                   calcPWMOutVal
           LOCAL                   ADDRESS         
           =====                   =======         
           pwmStep                 026A 
    -------------------------------------------------------------------------
DATA16_Z
  Relative segment, address: 026C - 026D (0x2 bytes), align: 1
  Segment part 21.            Intra module refs:   DoDimFunction
                                                   calcPWMOutVal
           LOCAL                   ADDRESS         
           =====                   =======         
           pwmDimStep              026C 
    -------------------------------------------------------------------------
DATA16_Z
  Relative segment, address: 026E - 026F (0x2 bytes), align: 1
  Segment part 22.            Intra module refs:   calcPWMOutVal
           LOCAL                   ADDRESS         
           =====                   =======         
           pwmSqrtRate             026E 
    -------------------------------------------------------------------------
DATA16_Z
  Relative segment, address: 0270 - 0273 (0x4 bytes), align: 1
  Segment part 23.            Intra module refs:   calcPWMOutVal
           ENTRY                   ADDRESS         REF BY
           =====                   =======         ======
           pwmSqRate               0270 
    -------------------------------------------------------------------------
<CODE> 1 (was CODE)
  Relative segment, address: D392 - D3A1 (0x10 bytes), align: 1
  Segment part 33.            Intra module refs:   calcPWMOutVal
           ENTRY                   ADDRESS         REF BY
           =====                   =======         ======
           DimSqrtRate             D392 
               calls direct
               CSTACK = 00000000 ( 00000006 )
    -------------------------------------------------------------------------
<CODE> 1 (was CODE)
  Relative segment, address: D3A2 - D3A5 (0x4 bytes), align: 1
  Segment part 34.            Intra module refs:   DimSqrtRate
                                                   calcPWMSqOut
           LOCAL                   ADDRESS         
           =====                   =======         
           ?Subroutine0            D3A2 
    -------------------------------------------------------------------------
<CODE> 1 (was CODE)
  Relative segment, address: D3A6 - D3AB (0x6 bytes), align: 1
  Segment part 35.            Intra module refs:   ?Subroutine0
                                                   DimSquareRate
    -------------------------------------------------------------------------
<CODE> 1 (was CODE)
  Relative segment, address: D3AC - D3AD (0x2 bytes), align: 1
  Segment part 36.            Intra module refs:   DimSqrtRate
                                                   calcPWMSqrtOut
           LOCAL                   ADDRESS         
           =====                   =======         
           ?Subroutine5            D3AC 
    -------------------------------------------------------------------------
<CODE> 1 (was CODE)
  Relative segment, address: D3AE - D3B5 (0x8 bytes), align: 1
  Segment part 37.            Intra module refs:   ?Subroutine5
                                                   calcRevPWMStep
    -------------------------------------------------------------------------
<CODE> 1 (was CODE)
  Relative segment, address: D3B6 - D3CF (0x1a bytes), align: 1
  Segment part 38.            Intra module refs:   calcPWMOutVal
           ENTRY                   ADDRESS         REF BY
           =====                   =======         ======
           DimSquareRate           D3B6 
               calls direct
               CSTACK = 00000000 ( 00000006 )
    -------------------------------------------------------------------------
<CODE> 1 (was CODE)
  Relative segment, address: D3D0 - D3F5 (0x26 bytes), align: 1
  Segment part 39.            Intra module refs:   DimSqrtRate
                                                   DimSquareRate
           LOCAL                   ADDRESS         
           =====                   =======         
           ?Subroutine2            D3D0 
    -------------------------------------------------------------------------
<CODE> 1 (was CODE)
  Relative segment, address: D3F6 - D411 (0x1c bytes), align: 1
  Segment part 40.            Intra module refs:   calcPWMOutVal
           ENTRY                   ADDRESS         REF BY
           =====                   =======         ======
           DimLinearRate           D3F6 
               CSTACK = 00000000 ( 00000002 )
    -------------------------------------------------------------------------
<CODE> 1 (was CODE)
  Relative segment, address: D412 - D42D (0x1c bytes), align: 1
  Segment part 41.            Intra module refs:   calcPWMOutVal
           ENTRY                   ADDRESS         REF BY
           =====                   =======         ======
           calcPWMSqrtOut          D412 
               calls direct
               CSTACK = 00000000 ( 00000004 )
    -------------------------------------------------------------------------
<CODE> 1 (was CODE)
  Relative segment, address: D42E - D44B (0x1e bytes), align: 1
  Segment part 42.            Intra module refs:   calcPWMOutVal
           ENTRY                   ADDRESS         REF BY
           =====                   =======         ======
           calcPWMSqOut            D42E 
               calls direct
               CSTACK = 00000000 ( 00000006 )
    -------------------------------------------------------------------------
<CODE> 1 (was CODE)
  Relative segment, address: DDFE - DE09 (0xc bytes), align: 1
  Segment part 43.            Intra module refs:   DimSquareRate
                                                   calcPWMSqOut
           LOCAL                   ADDRESS         
           =====                   =======         
           ?Subroutine7            DDFE 
    -------------------------------------------------------------------------
<CODE> 1 (was CODE)
  Relative segment, address: C40E - C5B5 (0x1a8 bytes), align: 1
  Segment part 30.            Intra module refs:   DoButtonDim
                                                   DoDimFunction
           ENTRY                   ADDRESS         REF BY
           =====                   =======         ======
           calcPWMOutVal           C40E 
               calls direct
               CSTACK = 00000000 ( 0000000C )
    -------------------------------------------------------------------------
<CODE> 1 (was CODE)
  Relative segment, address: DD8E - DD9D (0x10 bytes), align: 1
  Segment part 31.            Intra module refs:   calcPWMOutVal
           LOCAL                   ADDRESS         
           =====                   =======         
           ?Subroutine6            DD8E 
    -------------------------------------------------------------------------
<CODE> 1 (was CODE)
  Relative segment, address: DD12 - DD25 (0x14 bytes), align: 1
  Segment part 32.            Intra module refs:   calcPWMOutVal
           LOCAL                   ADDRESS         
           =====                   =======         
           ?Subroutine4            DD12 
    -------------------------------------------------------------------------
<CODE> 1 (was CODE)
  Relative segment, address: D79A - D7F7 (0x5e bytes), align: 1
  Segment part 29.            Intra module refs:   DoDimFunction
           ENTRY                   ADDRESS         REF BY
           =====                   =======         ======
           calcRevPWMStep          D79A 
               calls direct
               CSTACK = 00000000 ( 00000002 )
    -------------------------------------------------------------------------
<CODE> 1 (was CODE)
  Relative segment, address: CB64 - CCB5 (0x152 bytes), align: 1
  Segment part 27.
           ENTRY                   ADDRESS         REF BY
           =====                   =======         ======
           DoDimFunction           CB64            main (main)
               calls direct
               CSTACK = 00000000 ( 00000004 )
    -------------------------------------------------------------------------
<CODE> 1 (was CODE)
  Relative segment, address: DE16 - DE1F (0xa bytes), align: 1
  Segment part 28.            Intra module refs:   DoButtonDim
                                                   DoDimFunction
           LOCAL                   ADDRESS         
           =====                   =======         
           ?Subroutine3            DE16 
    -------------------------------------------------------------------------
<CODE> 1 (was CODE)
  Relative segment, address: D7F8 - D805 (0xe bytes), align: 1
  Segment part 24.
           ENTRY                   ADDRESS         REF BY
           =====                   =======         ======
           DoButtonToggle          D7F8            ButtonState (main)
               CSTACK = 00000000 ( 00000002 )
    -------------------------------------------------------------------------
<CODE> 1 (was CODE)
  Relative segment, address: D806 - D80D (0x8 bytes), align: 1
  Segment part 25.            Intra module refs:   DoButtonDim
                                                   DoButtonToggle
           LOCAL                   ADDRESS         
           =====                   =======         
           ?Subroutine1            D806 
    -------------------------------------------------------------------------
<CODE> 1 (was CODE)
  Relative segment, address: D80E - D84F (0x42 bytes), align: 1
  Segment part 26.
           ENTRY                   ADDRESS         REF BY
           =====                   =======         ======
           DoButtonDim             D80E            ButtonState (main)
               calls direct
               CSTACK = 00000000 ( 00000002 )
    -------------------------------------------------------------------------
DATA16_ID
  Relative segment, address: C00B - C00B (0x1 bytes), align: 0
  Segment part 11.            Intra module refs:   pwmincflag

    *************************************************************************

  FILE NAME : C:\Users\yanning.qu\Documents\IAR\controller\cnt_rev2_7-15-15\Debug\Obj\flash.r43
  PROGRAM MODULE, NAME : flash

  SEGMENTS IN THE MODULE
  ======================
DATA16_AN
  Relative segment, address: 0128 - 0129 (0x2 bytes), align: 0
  Segment part 1. ROOT        Intra module refs:   flash_info_update
                                                   flash_write
           ENTRY                   ADDRESS         REF BY
           =====                   =======         ======
           FCTL1                   0128 
    -------------------------------------------------------------------------
DATA16_AN
  Relative segment, address: 012A - 012B (0x2 bytes), align: 0
  Segment part 2. ROOT        Intra module refs:   flash_info_update
                                                   main (main)
           ENTRY                   ADDRESS         REF BY
           =====                   =======         ======
           FCTL2                   012A 
    -------------------------------------------------------------------------
DATA16_AN
  Relative segment, address: 012C - 012D (0x2 bytes), align: 0
  Segment part 3. ROOT        Intra module refs:   flash_info_update
                                                   flash_write
           ENTRY                   ADDRESS         REF BY
           =====                   =======         ======
           FCTL3                   012C 
    -------------------------------------------------------------------------
DATA16_Z
  Relative segment, address: 031A - 0329 (0x10 bytes), align: 0
  Segment part 5.             Intra module refs:   flash_info_update
           ENTRY                   ADDRESS         REF BY
           =====                   =======         ======
           flash_image             031A            ResetFlashImageBuf (main)
                                                   main (main)
    -------------------------------------------------------------------------
DATA16_Z
  Relative segment, address: 032A - 032D (0x4 bytes), align: 0
  Segment part 6.             Intra module refs:   flash_write
           ENTRY                   ADDRESS         REF BY
           =====                   =======         ======
           powerloss_image         032A            PORT1_ISR (io)
                                                   main (main)
    -------------------------------------------------------------------------
<CODE> 1 (was CODE)
  Relative segment, address: DB4E - DB75 (0x28 bytes), align: 1
  Segment part 8.
           ENTRY                   ADDRESS         REF BY
           =====                   =======         ======
           flash_write             DB4E            PORT1_ISR (io)
               CSTACK = 00000000 ( 00000002 )
    -------------------------------------------------------------------------
<CODE> 1 (was CODE)
  Relative segment, address: DB76 - DB83 (0xe bytes), align: 1
  Segment part 9.             Intra module refs:   flash_info_update
                                                   flash_write
           LOCAL                   ADDRESS         
           =====                   =======         
           ?Subroutine0            DB76 
    -------------------------------------------------------------------------
<CODE> 1 (was CODE)
  Relative segment, address: D850 - D8A1 (0x52 bytes), align: 1
  Segment part 7.
           ENTRY                   ADDRESS         REF BY
           =====                   =======         ======
           flash_info_update       D850            main (main)
                                                   parse_command (lcp)
               CSTACK = 00000000 ( 00000002 )

    *************************************************************************

  FILE NAME : C:\Users\yanning.qu\Documents\IAR\controller\cnt_rev2_7-15-15\Debug\Obj\io.r43
  PROGRAM MODULE, NAME : io

  SEGMENTS IN THE MODULE
  ======================
DATA16_AN
  Relative segment, address: 0014 - 0015 (0x2 bytes), align: 0
  Segment part 3. ROOT        Intra module refs:   io_init
                                                   timer_init (timer)
           ENTRY                   ADDRESS         REF BY
           =====                   =======         ======
           _A_PADIR_L              0014 
           LOCAL                   ADDRESS         
           =====                   =======         
           PADIR                   0014 
           PADIR_H                 0015 
           PADIR_L                 0014 
    -------------------------------------------------------------------------
DATA16_AN
  Relative segment, address: 0028 - 0029 (0x2 bytes), align: 0
  Segment part 4. ROOT        Intra module refs:   io_init
           ENTRY                   ADDRESS         REF BY
           =====                   =======         ======
           _A_PAIES_L              0028 
           LOCAL                   ADDRESS         
           =====                   =======         
           PAIES                   0028 
           PAIES_H                 0029 
           PAIES_L                 0028 
    -------------------------------------------------------------------------
DATA16_AN
  Relative segment, address: 002A - 002B (0x2 bytes), align: 0
  Segment part 5. ROOT        Intra module refs:   io_init
           ENTRY                   ADDRESS         REF BY
           =====                   =======         ======
           _A_PAIE_L               002A 
           LOCAL                   ADDRESS         
           =====                   =======         
           PAIE                    002A 
           PAIE_H                  002B 
           PAIE_L                  002A 
    -------------------------------------------------------------------------
DATA16_AN
  Relative segment, address: 002C - 002D (0x2 bytes), align: 0
  Segment part 6. ROOT        Intra module refs:   PORT1_ISR
                                                   io_init
           ENTRY                   ADDRESS         REF BY
           =====                   =======         ======
           _A_PAIFG_L              002C 
           LOCAL                   ADDRESS         
           =====                   =======         
           PAIFG                   002C 
           PAIFG_H                 002D 
           PAIFG_L                 002C 
    -------------------------------------------------------------------------
DATA16_AN
  Relative segment, address: 001E - 001F (0x2 bytes), align: 0
  Segment part 7. ROOT        Intra module refs:   PORT1_ISR
           ENTRY                   ADDRESS         REF BY
           =====                   =======         ======
           P1IV                    001E 
    -------------------------------------------------------------------------
<CODE> 1 (was CODE)
  Relative segment, address: DADA - DB15 (0x3c bytes), align: 1
  Segment part 12.
           ENTRY                   ADDRESS         REF BY
           =====                   =======         ======
           io_init                 DADA            main (main)
               CSTACK = 00000000 ( 00000002 )
    -------------------------------------------------------------------------
<CODE> 1 (was CODE)
  Relative segment, address: DCFE - DD11 (0x14 bytes), align: 1
  Segment part 13.            Intra module refs:   PORT1_ISR
                                                   io_init
           LOCAL                   ADDRESS         
           =====                   =======         
           ?Subroutine0            DCFE 
    -------------------------------------------------------------------------
<CODE> 1 (was CODE)
  Relative segment, address: D8F4 - D941 (0x4e bytes), align: 1
  Segment part 11.            Intra module refs:   PORT1_ISR::??INTVEC 8
           ENTRY                   ADDRESS         REF BY
           =====                   =======         ======
           PORT1_ISR               D8F4 
               interrupt function
               calls direct
               CSTACK = 00000000 ( 0000000C )
    -------------------------------------------------------------------------
INTVEC
  Common segment, address: FFE0 - FFE9 (0xa bytes), align: 1
  Segment part 9. ROOT 
           ENTRY                   ADDRESS         REF BY
           =====                   =======         ======
           PORT1_ISR::??INTVEC 8   FFE8 

    *************************************************************************

  FILE NAME : C:\Users\yanning.qu\Documents\IAR\controller\cnt_rev2_7-15-15\Debug\Obj\lcp.r43
  PROGRAM MODULE, NAME : lcp

  SEGMENTS IN THE MODULE
  ======================
DATA16_Z
  Relative segment, address: 032E - 032E (0x1 bytes), align: 0
  Segment part 3.             Intra module refs:   parse_command
           ENTRY                   ADDRESS         REF BY
           =====                   =======         ======
           lcp_id_feedback         032E            DoLCPReceive (main)
                                                   send_identity_response (ctrl_pkt)
    -------------------------------------------------------------------------
DATA16_Z
  Relative segment, address: 032F - 032F (0x1 bytes), align: 0
  Segment part 4.             Intra module refs:   parse_basic_lcp_packet
           ENTRY                   ADDRESS         REF BY
           =====                   =======         ======
           lcpPktPayloadLen        032F 
    -------------------------------------------------------------------------
DATA16_Z
  Relative segment, address: 0330 - 0330 (0x1 bytes), align: 0
  Segment part 5.             Intra module refs:   parse_basic_lcp_packet
           ENTRY                   ADDRESS         REF BY
           =====                   =======         ======
           lcpPktDeviceType        0330 
    -------------------------------------------------------------------------
DATA16_Z
  Relative segment, address: 0331 - 0331 (0x1 bytes), align: 0
  Segment part 6.             Intra module refs:   parse_basic_lcp_packet
           ENTRY                   ADDRESS         REF BY
           =====                   =======         ======
           lcpPktAPI               0331 
    -------------------------------------------------------------------------
DATA16_Z
  Relative segment, address: 0332 - 0332 (0x1 bytes), align: 0
  Segment part 7.             Intra module refs:   parse_basic_lcp_packet
           ENTRY                   ADDRESS         REF BY
           =====                   =======         ======
           lcpPktID                0332            ?Subroutine1 (ctrl_pkt)
    -------------------------------------------------------------------------
DATA16_Z
  Relative segment, address: 0333 - 0333 (0x1 bytes), align: 0
  Segment part 9.             Intra module refs:   parse_command
           ENTRY                   ADDRESS         REF BY
           =====                   =======         ======
           lcp_dim_flag            0333            DoButtonToggle (dim)
                                                   DoDimFunction (dim)
                                                   main (main)
                                                   per_sample_dsp (adc)
    -------------------------------------------------------------------------
DATA16_Z
  Relative segment, address: 0334 - 0334 (0x1 bytes), align: 0
  Segment part 10.
           ENTRY                   ADDRESS         REF BY
           =====                   =======         ======
           lcp_state_report        0334            ButtonState (main)
                                                   DoButtons (main)
                                                   DoDimFunction (dim)
                                                   main (main)
                                                   per_sample_dsp (adc)
    -------------------------------------------------------------------------
DATA16_Z
  Relative segment, address: 0335 - 0335 (0x1 bytes), align: 0
  Segment part 11.            Intra module refs:   parse_command
           ENTRY                   ADDRESS         REF BY
           =====                   =======         ======
           DimMode                 0335            DoButtonToggle (dim)
                                                   DoDimFunction (dim)
                                                   calcPWMOutVal (dim)
    -------------------------------------------------------------------------
DATA16_Z
  Relative segment, address: 0336 - 0336 (0x1 bytes), align: 0
  Segment part 12.            Intra module refs:   parse_command
           ENTRY                   ADDRESS         REF BY
           =====                   =======         ======
           Direction               0336            DoDimFunction (dim)
    -------------------------------------------------------------------------
DATA16_Z
  Relative segment, address: 0337 - 0337 (0x1 bytes), align: 0
  Segment part 13.            Intra module refs:   parse_command
           ENTRY                   ADDRESS         REF BY
           =====                   =======         ======
           TransitionTime          0337            DoDimFunction (dim)
    -------------------------------------------------------------------------
<CODE> 1 (was CODE)
  Relative segment, address: DDCA - DDD7 (0xe bytes), align: 1
  Segment part 16.
           ENTRY                   ADDRESS         REF BY
           =====                   =======         ======
           parse_lcp_packet        DDCA            DoLCPReceive (main)
               calls direct
               CSTACK = 00000000 ( 00000002 )
    -------------------------------------------------------------------------
<CODE> 1 (was CODE)
  Relative segment, address: D9DA - DA1B (0x42 bytes), align: 1
  Segment part 15.            Intra module refs:   parse_lcp_packet
           ENTRY                   ADDRESS         REF BY
           =====                   =======         ======
           parse_basic_lcp_packet
                                   D9DA 
               CSTACK = 00000000 ( 00000002 )
    -------------------------------------------------------------------------
<CODE> 1 (was CODE)
  Relative segment, address: D44C - D4FB (0xb0 bytes), align: 1
  Segment part 14.            Intra module refs:   parse_lcp_packet
           ENTRY                   ADDRESS         REF BY
           =====                   =======         ======
           parse_command           D44C 
               calls direct
               CSTACK = 00000000 ( 00000002 )

    *************************************************************************

  FILE NAME : C:\Users\yanning.qu\Documents\IAR\controller\cnt_rev2_7-15-15\Debug\Obj\low_level_init.r43
  PROGRAM MODULE, NAME : low_level_init

  SEGMENTS IN THE MODULE
  ======================
DATA16_AN
  Relative segment, address: 0002 - 0002 (0x1 bytes), align: 0
  Segment part 1. ROOT        Intra module refs:   __low_level_init
           ENTRY                   ADDRESS         REF BY
           =====                   =======         ======
           IFG1                    0002 
    -------------------------------------------------------------------------
DATA16_AN
  Relative segment, address: 01FE - 01FF (0x2 bytes), align: 0
  Segment part 2. ROOT        Intra module refs:   __low_level_init
           ENTRY                   ADDRESS         REF BY
           =====                   =======         ======
           SYSJTAGDIS              01FE 
    -------------------------------------------------------------------------
DATA16_AN
  Relative segment, address: 0052 - 0052 (0x1 bytes), align: 0
  Segment part 3. ROOT        Intra module refs:   __low_level_init
           ENTRY                   ADDRESS         REF BY
           =====                   =======         ======
           CSIRFCAL                0052 
    -------------------------------------------------------------------------
DATA16_AN
  Relative segment, address: 0053 - 0053 (0x1 bytes), align: 0
  Segment part 4. ROOT        Intra module refs:   __low_level_init
           ENTRY                   ADDRESS         REF BY
           =====                   =======         ======
           CSIRTCAL                0053 
    -------------------------------------------------------------------------
DATA16_AN
  Relative segment, address: 0054 - 0054 (0x1 bytes), align: 0
  Segment part 5. ROOT        Intra module refs:   __low_level_init
           ENTRY                   ADDRESS         REF BY
           =====                   =======         ======
           CSERFCAL                0054 
    -------------------------------------------------------------------------
DATA16_AN
  Relative segment, address: 0055 - 0055 (0x1 bytes), align: 0
  Segment part 6. ROOT        Intra module refs:   __low_level_init
           ENTRY                   ADDRESS         REF BY
           =====                   =======         ======
           CSERTCAL                0055 
    -------------------------------------------------------------------------
DATA16_AN
  Relative segment, address: 0062 - 0062 (0x1 bytes), align: 0
  Segment part 7. ROOT        Intra module refs:   __low_level_init
           ENTRY                   ADDRESS         REF BY
           =====                   =======         ======
           REFCAL0                 0062 
    -------------------------------------------------------------------------
DATA16_AN
  Relative segment, address: 0063 - 0063 (0x1 bytes), align: 0
  Segment part 8. ROOT        Intra module refs:   __low_level_init
           ENTRY                   ADDRESS         REF BY
           =====                   =======         ======
           REFCAL1                 0063 
    -------------------------------------------------------------------------
DATA16_AN
  Relative segment, address: 00BF - 00BF (0x1 bytes), align: 0
  Segment part 9. ROOT        Intra module refs:   __low_level_init
           ENTRY                   ADDRESS         REF BY
           =====                   =======         ======
           SD24TRIM                00BF 
    -------------------------------------------------------------------------
DATA16_AN
  Relative segment, address: 0120 - 0121 (0x2 bytes), align: 0
  Segment part 10. ROOT       Intra module refs:   __low_level_init
                                                   main (main)
           ENTRY                   ADDRESS         REF BY
           =====                   =======         ======
           WDTCTL                  0120 
    -------------------------------------------------------------------------
<CODE> 1 (was CODE)
  Relative segment, address: D628 - D6A5 (0x7e bytes), align: 1
  Segment part 12. ROOT 
           ENTRY                   ADDRESS         REF BY
           =====                   =======         ======
           __low_level_init        D628            ?cstart_call_low_level_init (?cstart)
               CSTACK = 00000000 ( 00000002 )

    *************************************************************************

  FILE NAME : C:\Users\yanning.qu\Documents\IAR\controller\cnt_rev2_7-15-15\Debug\Obj\main.r43
  PROGRAM MODULE, NAME : main

  SEGMENTS IN THE MODULE
  ======================
DATA16_AN
[...]
CSTART
  Relative segment, address: C024 - C033 (0x10 bytes), align: 1
  Segment part 14.
           ENTRY                   ADDRESS         REF BY
           =====                   =======         ======
           ?cstart_init_copy       C024            ADCInitFlag (adc)
                                                   destination_addr (api_pkt)
                                                   network_addr (api_pkt)
                                                   pwmincflag (dim)
    -------------------------------------------------------------------------
CSTART
  Relative segment, address: C034 - C03B (0x8 bytes), align: 1
  Segment part 18.            Intra module refs:   ?cstart_call_low_level_init
                                                   Segment part 9
           ENTRY                   ADDRESS         REF BY
           =====                   =======         ======
           ?cstart_call_main       C034 
           ?cstart_end             C03C 

    -------------------------------------------------------------------------
  LIBRARY MODULE, NAME : ?reset_vector

  SEGMENTS IN THE MODULE
  ======================
RESET
  Relative segment, address: FFFE - FFFF (0x2 bytes), align: 1
  Segment part 0.
           ENTRY                   ADDRESS         REF BY
           =====                   =======         ======
           ?reset_vector           FFFE            Segment part 9 (?cstart)

    -------------------------------------------------------------------------
  LIBRARY MODULE, NAME : ?Epilogue

  SEGMENTS IN THE MODULE
  ======================
<CODE> 1 (was CODE)
  Relative segment, address: DD5C - DD6D (0x12 bytes), align: 1
  Segment part 0.
           ENTRY                   ADDRESS         REF BY
           =====                   =======         ======
           ?Epilogue3              DD66            read_digi_radio_info (read_digi_radio_info)
                                                   send_radio_api_packet_data (api_pkt)
           ?Epilogue4              DD64 
           ?Epilogue5              DD62            calcPWMOutVal (dim)
           ?Epilogue6              DD60 
           ?Epilogue7              DD5E 
           ?Epilogue8              DD5C 

    -------------------------------------------------------------------------
  LIBRARY MODULE, NAME : ?errno

  SEGMENTS IN THE MODULE
  ======================
DATA16_Z
  Relative segment, address: 02A6 - 02A7 (0x2 bytes), align: 1
  Segment part 2.
           ENTRY                   ADDRESS         REF BY
           =====                   =======         ======
           __iar_Errno             02A6            sqrt (?sqrt)

    -------------------------------------------------------------------------
  LIBRARY MODULE, NAME : ?exit

  SEGMENTS IN THE MODULE
  ======================
<CODE> 1 (was CODE)
  Relative segment, address: DE2E - DE31 (0x4 bytes), align: 1
  Segment part 2.
           ENTRY                   ADDRESS         REF BY
           =====                   =======         ======
           exit                    DE2E            Segment part 18 (?cstart)
               calls direct
               CSTACK = 00000000 ( 00000002 )

    -------------------------------------------------------------------------
  LIBRARY MODULE, NAME : ?Mul32fHw

  SEGMENTS IN THE MODULE
  ======================
<CODE> 1 (was CODE)
  Relative segment, address: CF26 - D059 (0x134 bytes), align: 1
  Segment part 0.
           ENTRY                   ADDRESS         REF BY
           =====                   =======         ======
           ?Mul32fHw               CF26            Segment part 3 (?sqrt)
                                                   calcPWMSqOut (dim)
                                                   sqrt (?sqrt)

    -------------------------------------------------------------------------
  LIBRARY MODULE, NAME : ?Cast32f32i

  SEGMENTS IN THE MODULE
  ======================
<CODE> 1 (was CODE)
  Relative segment, address: D596 - D627 (0x92 bytes), align: 1
  Segment part 0.
           ENTRY                   ADDRESS         REF BY
           =====                   =======         ======
           _Cast32sto32f           D596 
           _Cast32uto32f           D5AA            ?Subroutine2 (dim)
                                                   ?Subroutine7 (dim)
                                                   Segment part 37 (dim)
                                                   calcRevPWMStep (dim)

    -------------------------------------------------------------------------
  LIBRARY MODULE, NAME : _Cast32fto32u

  SEGMENTS IN THE MODULE
  ======================
<CODE> 1 (was CODE)
  Relative segment, address: DE0A - DE15 (0xc bytes), align: 1
  Segment part 0.
           ENTRY                   ADDRESS         REF BY
           =====                   =======         ======
           _Cast32fto32u           DE0A            ?Subroutine0 (dim)
                                                   calcPWMSqrtOut (dim)
                                                   calcRevPWMStep (dim)

    -------------------------------------------------------------------------
  LIBRARY MODULE, NAME : ?FLT_Extract

  SEGMENTS IN THE MODULE
  ======================
<CODE> 1 (was CODE)
  Relative segment, address: D942 - D98D (0x4c bytes), align: 1
  Segment part 0.
           ENTRY                   ADDRESS         REF BY
           =====                   =======         ======
           ?FLT_Extract            D942            _Cast32fto32u (_Cast32fto32u)

    -------------------------------------------------------------------------
  LIBRARY MODULE, NAME : _Div32f

  SEGMENTS IN THE MODULE
  ======================
<CODE> 1 (was CODE)
  Relative segment, address: D05A - D189 (0x130 bytes), align: 1
  Segment part 0.
           ENTRY                   ADDRESS         REF BY
           =====                   =======         ======
           _Div32f                 D05A            ?Subroutine2 (dim)
                                                   Segment part 4 (?sqrt)
                                                   calcRevPWMStep (dim)

    -------------------------------------------------------------------------
  LIBRARY MODULE, NAME : _Add32f

  SEGMENTS IN THE MODULE
  ======================
<CODE> 1 (was CODE)
  Relative segment, address: C748 - C8A9 (0x162 bytes), align: 1
  Segment part 0.
           ENTRY                   ADDRESS         REF BY
           =====                   =======         ======
           _Add32f                 C74C            Segment part 4 (?sqrt)
                                                   sqrt (?sqrt)
           _Sub32f                 C748 

    -------------------------------------------------------------------------
  LIBRARY MODULE, NAME : ?DivMod816u

  SEGMENTS IN THE MODULE
  ======================
<CODE> 1 (was CODE)
  Relative segment, address: DC80 - DC9B (0x1c bytes), align: 1
  Segment part 0.
           ENTRY                   ADDRESS         REF BY
           =====                   =======         ======
           ?DivMod8u               DC80 
           ?DivMod16u              DC84            DimLinearRate (dim)
                                                   Segment part 0 (?DivMod816s)
                                                   calcRevPWMStep (dim)

    -------------------------------------------------------------------------
  LIBRARY MODULE, NAME : ?DivMod816s

  SEGMENTS IN THE MODULE
  ======================
<CODE> 1 (was CODE)
  Relative segment, address: DB84 - DBB7 (0x34 bytes), align: 1
  Segment part 0.
           ENTRY                   ADDRESS         REF BY
           =====                   =======         ======
           ?DivMod8s               DB84 
           ?DivMod16s              DB88            sqrt (?sqrt)

    -------------------------------------------------------------------------
  LIBRARY MODULE, NAME : ?DivMod32u

  SEGMENTS IN THE MODULE
  ======================
<CODE> 1 (was CODE)
  Relative segment, address: DB16 - DB4D (0x38 bytes), align: 1
  Segment part 0.
           ENTRY                   ADDRESS         REF BY
           =====                   =======         ======
           ?DivMod32u              DB16            ?DivMod32s (?DivMod32s)

    -------------------------------------------------------------------------
  LIBRARY MODULE, NAME : ?DivMod32s

  SEGMENTS IN THE MODULE
  ======================
<CODE> 1 (was CODE)
  Relative segment, address: DA5E - DA9D (0x40 bytes), align: 1
  Segment part 0.
           ENTRY                   ADDRESS         REF BY
           =====                   =======         ======
           ?DivMod32s              DA5E            per_sample_dsp (adc)

    -------------------------------------------------------------------------
  LIBRARY MODULE, NAME : ?ShiftLeft16_n

  SEGMENTS IN THE MODULE
  ======================
<CODE> 1 (was CODE)
  Relative segment, address: DD6E - DD7D (0x10 bytes), align: 1
  Segment part 0.
           ENTRY                   ADDRESS         REF BY
           =====                   =======         ======
           ?ShiftLeft16_7          DD6E            __iar_Dscale (?xdscale)
           ?ShiftLeft16_6          DD70 
           ?ShiftLeft16_5          DD72 
           ?ShiftLeft16_4          DD74 
           ?ShiftLeft16_3          DD76 

    -------------------------------------------------------------------------
  LIBRARY MODULE, NAME : ?ShiftRight16u_n

  SEGMENTS IN THE MODULE
  ======================
<CODE> 1 (was CODE)
  Relative segment, address: DCB8 - DCBB (0x4 bytes), align: 1
  Segment part 0.
           ENTRY                   ADDRESS         REF BY
           =====                   =======         ======
           ?ShiftRight16u_7        DCB8            __iar_Dscale (?xdscale)
                                                   __iar_Dunscale (?xdunscal)
    -------------------------------------------------------------------------
<CODE> 1 (was CODE)
  Relative segment, address: DCBC - DCBF (0x4 bytes), align: 1
  Segment part 1.             Intra module refs:   ?ShiftRight16u_7
           ENTRY                   ADDRESS         REF BY
           =====                   =======         ======
           ?ShiftRight16u_6        DCBC 
    -------------------------------------------------------------------------
<CODE> 1 (was CODE)
  Relative segment, address: DCC0 - DCC3 (0x4 bytes), align: 1
  Segment part 2.             Intra module refs:   ?ShiftRight16u_6
           ENTRY                   ADDRESS         REF BY
           =====                   =======         ======
           ?ShiftRight16u_5        DCC0 
    -------------------------------------------------------------------------
<CODE> 1 (was CODE)
  Relative segment, address: DCC4 - DCC7 (0x4 bytes), align: 1
  Segment part 3.             Intra module refs:   ?ShiftRight16u_5
           ENTRY                   ADDRESS         REF BY
           =====                   =======         ======
           ?ShiftRight16u_4        DCC4            parse_command (lcp)
    -------------------------------------------------------------------------
<CODE> 1 (was CODE)
  Relative segment, address: DCC8 - DCD1 (0xa bytes), align: 1
  Segment part 4.             Intra module refs:   ?ShiftRight16u_4
           ENTRY                   ADDRESS         REF BY
           =====                   =======         ======
           ?ShiftRight16u_3        DCC8            state_change_report (ctrl_pkt)

    -------------------------------------------------------------------------
  LIBRARY MODULE, NAME : ?ShiftRight32s_n

  SEGMENTS IN THE MODULE
  ======================
<CODE> 1 (was CODE)
  Relative segment, address: DCE8 - DCEB (0x4 bytes), align: 1
  Segment part 2.
           ENTRY                   ADDRESS         REF BY
           =====                   =======         ======
           ?ShiftRight32s_5        DCE8            per_sample_dsp (adc)
    -------------------------------------------------------------------------
<CODE> 1 (was CODE)
  Relative segment, address: DCEC - DCEF (0x4 bytes), align: 1
  Segment part 3.             Intra module refs:   ?ShiftRight32s_5
           ENTRY                   ADDRESS         REF BY
           =====                   =======         ======
           ?ShiftRight32s_4        DCEC 
    -------------------------------------------------------------------------
<CODE> 1 (was CODE)
  Relative segment, address: DCF0 - DCF3 (0x4 bytes), align: 1
  Segment part 4.             Intra module refs:   ?ShiftRight32s_4
           ENTRY                   ADDRESS         REF BY
           =====                   =======         ======
           ?ShiftRight32s_3        DCF0 
    -------------------------------------------------------------------------
<CODE> 1 (was CODE)
  Relative segment, address: DCF4 - DCFD (0xa bytes), align: 1
  Segment part 5.             Intra module refs:   ?ShiftRight32s_3
           ENTRY                   ADDRESS         REF BY
           =====                   =======         ======
           ?ShiftRight32s_2        DCF4 

    -------------------------------------------------------------------------
  LIBRARY MODULE, NAME : ?memcpy

  SEGMENTS IN THE MODULE
  ======================
<CODE> 1 (was CODE)
  Relative segment, address: DD4A - DD5B (0x12 bytes), align: 1
  Segment part 2.
           ENTRY                   ADDRESS         REF BY
           =====                   =======         ======
           memcpy                  DD4A            ?Subroutine3 (read_digi_radio_info)
                                                   __data16_memcpy (?memzero)
                                                   main (main)
                                                   send_identity_response (ctrl_pkt)
                                                   send_radio_api_packet_data (api_pkt)
               CSTACK = 00000000 ( 00000002 )

    -------------------------------------------------------------------------
  LIBRARY MODULE, NAME : ?memzero

  SEGMENTS IN THE MODULE
  ======================
<CODE> 1 (was CODE)
  Relative segment, address: DD26 - DD37 (0x12 bytes), align: 1
  Segment part 4.
           ENTRY                   ADDRESS         REF BY
           =====                   =======         ======
           __data16_memzero        DD26            ?cstart_init_zero (?cstart)
               CSTACK = 00000000 ( 00000002 )
    -------------------------------------------------------------------------
<CODE> 1 (was CODE)
  Relative segment, address: DE32 - DE35 (0x4 bytes), align: 1
  Segment part 3.
           ENTRY                   ADDRESS         REF BY
           =====                   =======         ======
           __data16_memcpy         DE32            ?cstart_init_copy (?cstart)
               calls direct
               CSTACK = 00000000 ( 00000002 )

    -------------------------------------------------------------------------
  LIBRARY MODULE, NAME : ?sqrt

  SEGMENTS IN THE MODULE
  ======================
<CODE> 1 (was CODE)
  Relative segment, address: D292 - D391 (0x100 bytes), align: 1
  Segment part 2.
           ENTRY                   ADDRESS         REF BY
           =====                   =======         ======
           sqrt                    D292            Segment part 37 (dim)
               calls direct
               CSTACK = 00000000 ( 00000010 )
    -------------------------------------------------------------------------
<CODE> 1 (was CODE)
  Relative segment, address: DDF2 - DDFD (0xc bytes), align: 1
  Segment part 3.             Intra module refs:   sqrt
    -------------------------------------------------------------------------
<CODE> 1 (was CODE)
  Relative segment, address: DC9C - DCB7 (0x1c bytes), align: 1
  Segment part 4.             Intra module refs:   sqrt

    -------------------------------------------------------------------------
  LIBRARY MODULE, NAME : ?xdscale

  SEGMENTS IN THE MODULE
  ======================
<CODE> 1 (was CODE)
  Relative segment, address: D4FC - D595 (0x9a bytes), align: 1
  Segment part 2.
           ENTRY                   ADDRESS         REF BY
           =====                   =======         ======
           __iar_Dscale            D4FC            sqrt (?sqrt)
               CSTACK = 00000000 ( 00000006 )

    -------------------------------------------------------------------------
  LIBRARY MODULE, NAME : ?xdunscal

  SEGMENTS IN THE MODULE
  ======================
<CODE> 1 (was CODE)
  Relative segment, address: D98E - D9D9 (0x4c bytes), align: 1
  Segment part 2.
           ENTRY                   ADDRESS         REF BY
           =====                   =======         ======
           __iar_Dunscale          D98E            sqrt (?sqrt)
               CSTACK = 00000000 ( 00000002 )




                ****************************************
                *                                      *
                *      SEGMENTS IN ADDRESS ORDER       *
                *                                      *
                ****************************************


SEGMENT              SPACE    START ADDRESS   END ADDRESS     SIZE  TYPE  ALIGN
=======              =====    =============   ===========     ====  ====  =====
DATA16_AN                              0002 - 0002               1   rel    0
                                       0010 - 0015               6 
                                       001A - 001F               6 
                                       0028 - 002D               6 
                                       0051 - 0055               5 
                                       0062 - 0063               2 
                                       00B0 - 00B1               2 
                                       00BF - 00BF               1 
                                       0100 - 0105               6 
                                       0110 - 0113               4 
                                       0120 - 0121               2 
                                       0128 - 012F               8 
                                       0132 - 0133               2 
                                       0138 - 013D               6 
                                       0140 - 0141               2 
                                       0146 - 0149               4 
                                       014C - 014F               4 
                                       015A - 015B               2 
                                       015E - 0165               8 
                                       0172 - 0175               4 
                                       01F0 - 01F1               2 
                                       01FE - 01FF               2 
DATA16_I                               0200 - 020B               C   rel    1
DATA16_Z                               020C - 0399             18E   rel    1
CSTACK                                 05B0 - 05FF              50   rel    1
DATA16_C                                  C000                       dse    0
DATA16_ID                              C000 - C00B               C   rel    1
CSTART                                 C00C - C03B              30   rel    1
<CODE> 1                               C03C - DE37            1DFC   rel    1
INTVEC                                 FFE0 - FFF3              14   com    1
RESET                                  FFFE - FFFF               2   rel    1

                ****************************************
                *                                      *
                *        END OF CROSS REFERENCE        *
                *                                      *
                ****************************************

 7 746 bytes of CODE  memory
   490 bytes of DATA  memory (+ 85 absolute )
    12 bytes of CONST memory

Errors: none
Warnings: none

